2025-08-51 21:51:07.235 INFO  [RMI TCP Connection(29)-127.0.0.1] o.s.b.a.SpringApplicationAdminMXBeanRegistrar$SpringApplicationAdmin - Application shutdown requested.
2025-08-51 21:51:07.238 INFO  [RMI TCP Connection(29)-127.0.0.1] o.a.coyote.http11.Http11NioProtocol - Stopping ProtocolHandler ["http-nio-9090"]
2025-08-51 21:51:07.242 INFO  [RMI TCP Connection(29)-127.0.0.1] o.s.o.j.LocalContainerEntityManagerFactoryBean - Closing JPA EntityManagerFactory for persistence unit 'default'
2025-08-51 21:51:07.243 INFO  [RMI TCP Connection(29)-127.0.0.1] com.zaxxer.hikari.HikariDataSource - HikariPool-6 - Shutdown initiated...
2025-08-51 21:51:07.246 INFO  [RMI TCP Connection(29)-127.0.0.1] com.zaxxer.hikari.HikariDataSource - HikariPool-6 - Shutdown completed.
2025-08-51 21:51:16.111 INFO  [restartedMain] c.enotes.EnotesApiServiceApplication - Starting EnotesApiServiceApplication using Java 21.0.7 with PID 43237 (/Users/sps/Documents/GitHub/enotes-api-service/target/classes started by sps in /Users/sps/Documents/GitHub/enotes-api-service)
2025-08-51 21:51:16.111 INFO  [restartedMain] c.enotes.EnotesApiServiceApplication - The following 1 profile is active: "dev"
2025-08-51 21:51:16.129 INFO  [restartedMain] o.s.b.d.e.DevToolsPropertyDefaultsPostProcessor - Devtools property defaults active! Set 'spring.devtools.add-properties' to 'false' to disable
2025-08-51 21:51:16.129 INFO  [restartedMain] o.s.b.d.e.DevToolsPropertyDefaultsPostProcessor - For additional web related logging consider setting the 'logging.level.web' property to 'DEBUG'
2025-08-51 21:51:16.465 INFO  [restartedMain] o.s.d.r.c.RepositoryConfigurationDelegate - Bootstrapping Spring Data JPA repositories in DEFAULT mode.
2025-08-51 21:51:16.495 INFO  [restartedMain] o.s.d.r.c.RepositoryConfigurationDelegate - Finished Spring Data repository scanning in 26 ms. Found 7 JPA repository interfaces.
2025-08-51 21:51:16.786 INFO  [restartedMain] o.s.b.w.e.tomcat.TomcatWebServer - Tomcat initialized with port 9090 (http)
2025-08-51 21:51:16.790 INFO  [restartedMain] o.a.coyote.http11.Http11NioProtocol - Initializing ProtocolHandler ["http-nio-9090"]
2025-08-51 21:51:16.795 INFO  [restartedMain] o.a.catalina.core.StandardService - Starting service [Tomcat]
2025-08-51 21:51:16.795 INFO  [restartedMain] o.a.catalina.core.StandardEngine - Starting Servlet engine: [Apache Tomcat/10.1.31]
2025-08-51 21:51:16.815 INFO  [restartedMain] o.a.c.c.C.[Tomcat].[localhost].[/] - Initializing Spring embedded WebApplicationContext
2025-08-51 21:51:16.816 INFO  [restartedMain] o.s.b.w.s.c.ServletWebServerApplicationContext - Root WebApplicationContext: initialization completed in 687 ms
2025-08-51 21:51:16.890 INFO  [restartedMain] o.h.jpa.internal.util.LogHelper - HHH000204: Processing PersistenceUnitInfo [name: default]
2025-08-51 21:51:16.910 INFO  [restartedMain] org.hibernate.Version - HHH000412: Hibernate ORM core version 6.5.3.Final
2025-08-51 21:51:16.923 INFO  [restartedMain] o.h.c.i.RegionFactoryInitiator - HHH000026: Second-level cache disabled
2025-08-51 21:51:17.028 INFO  [restartedMain] o.s.o.j.p.SpringPersistenceUnitInfo - No LoadTimeWeaver setup: ignoring JPA class transformer
2025-08-51 21:51:17.040 INFO  [restartedMain] com.zaxxer.hikari.HikariDataSource - HikariPool-1 - Starting...
2025-08-51 21:51:17.193 INFO  [restartedMain] com.zaxxer.hikari.pool.HikariPool - HikariPool-1 - Added connection com.mysql.cj.jdbc.ConnectionImpl@69400ecf
2025-08-51 21:51:17.194 INFO  [restartedMain] com.zaxxer.hikari.HikariDataSource - HikariPool-1 - Start completed.
2025-08-51 21:51:17.213 WARN  [restartedMain] org.hibernate.orm.deprecation - HHH90000025: MySQL8Dialect does not need to be specified explicitly using 'hibernate.dialect' (remove the property setting and it will be selected by default)
2025-08-51 21:51:17.214 WARN  [restartedMain] org.hibernate.orm.deprecation - HHH90000026: MySQL8Dialect has been deprecated; use org.hibernate.dialect.MySQLDialect instead
2025-08-51 21:51:17.624 INFO  [restartedMain] o.h.e.t.j.p.i.JtaPlatformInitiator - HHH000489: No JTA platform available (set 'hibernate.transaction.jta.platform' to enable JTA platform integration)
2025-08-51 21:51:17.625 INFO  [restartedMain] o.s.o.j.LocalContainerEntityManagerFactoryBean - Initialized JPA EntityManagerFactory for persistence unit 'default'
2025-08-51 21:51:17.837 INFO  [restartedMain] o.s.s.c.a.a.c.InitializeAuthenticationProviderBeanManagerConfigurer$InitializeAuthenticationProviderManagerConfigurer - Global AuthenticationManager configured with AuthenticationProvider bean with name authenticationProvider
2025-08-51 21:51:17.837 WARN  [restartedMain] o.s.s.c.a.a.c.InitializeUserDetailsBeanManagerConfigurer$InitializeUserDetailsManagerConfigurer - Global AuthenticationManager configured with an AuthenticationProvider bean. UserDetailsService beans will not be used for username/password login. Consider removing the AuthenticationProvider bean. Alternatively, consider using the UserDetailsService in a manually instantiated DaoAuthenticationProvider.
2025-08-51 21:51:17.884 INFO  [restartedMain] o.s.d.j.r.query.QueryEnhancerFactory - Hibernate is in classpath; If applicable, HQL parser will be used.
2025-08-51 21:51:18.338 WARN  [restartedMain] o.s.b.a.o.j.JpaBaseConfiguration$JpaWebConfiguration - spring.jpa.open-in-view is enabled by default. Therefore, database queries may be performed during view rendering. Explicitly configure spring.jpa.open-in-view to disable this warning
2025-08-51 21:51:18.733 INFO  [restartedMain] o.s.b.d.a.OptionalLiveReloadServer - LiveReload server is running on port 35729
2025-08-51 21:51:18.747 INFO  [restartedMain] o.a.coyote.http11.Http11NioProtocol - Starting ProtocolHandler ["http-nio-9090"]
2025-08-51 21:51:18.755 INFO  [restartedMain] o.s.b.w.e.tomcat.TomcatWebServer - Tomcat started on port 9090 (http) with context path '/'
2025-08-51 21:51:18.761 INFO  [restartedMain] c.enotes.EnotesApiServiceApplication - Started EnotesApiServiceApplication in 2.785 seconds (process running for 3.134)
2025-08-51 21:51:23.556 INFO  [http-nio-9090-exec-1] o.a.c.c.C.[Tomcat].[localhost].[/] - Initializing Spring DispatcherServlet 'dispatcherServlet'
2025-08-51 21:51:23.556 INFO  [http-nio-9090-exec-1] o.s.web.servlet.DispatcherServlet - Initializing Servlet 'dispatcherServlet'
2025-08-51 21:51:23.558 INFO  [http-nio-9090-exec-1] o.s.web.servlet.DispatcherServlet - Completed initialization in 2 ms
2025-08-51 21:51:23.850 INFO  [http-nio-9090-exec-9] o.s.api.AbstractOpenApiResource - Init duration for springdoc-openapi is: 145 ms
